Material finish clone/cutaway isolation, scale/alias shader anchors and texture-free lifecycle PASS (actual GPU compile still requires browser)
Cutaway shader state, shared-paint isolation, original translucency/shadow restoration and bounded temporary material disposal PASS
node:internal/modules/run_main:107
    triggerUncaughtException(
    ^

AssertionError [ERR_ASSERTION]: Authored functional assemblies retain stable inspection identities
+ actual - expected

+ Set(1) {
+   'powertrain'
- Set(3) {
-   'engine:head',
-   'engine:rotating',
-   'engine:sump'
  }

    at file:///D:/VSCode/SEA-Game/current/samples/threejs-recovery/verify-inspection.generated.mjs?run=1791557732170:21769:8
    at ModuleJob.run (node:internal/modules/esm/module_job:561:25)
    at process.processTicksAndRejections (node:internal/process/task_queues:104:5)
    at async node:internal/modules/esm/loader:647:26
    at async file:///D:/VSCode/SEA-Game/current/samples/threejs-recovery/verify-inspection.mjs:5:246 {
  generatedMessage: false,
  code: 'ERR_ASSERTION',
  actual: Set(1) { 'powertrain' },
  expected: Set(3) { 'engine:head', 'engine:sump', 'engine:rotating' },
  operator: 'deepStrictEqual',
  diff: 'simple'
}

Node.js v24.20.0
