node:internal/modules/run_main:107
    triggerUncaughtException(
    ^

AssertionError [ERR_ASSERTION]: Values have same structure but are not reference-equal:

[
  'CAP-D',
  'MOB-F',
  'CAP-G',
  'MOB-E',
  'CAP-E',
  'MOB-C',
  'CAP-B',
  'MOB-B',
  'CAP-A',
  'MOB-A',
  'CAP-F',
  'MOB-G',
  'CAP-C',
  'MOB-D'
]

    at file:///D:/VSCode/SEA-Game/current/tools/test-journey.mjs:58:228
    at ModuleJob.run (node:internal/modules/esm/module_job:561:25)
    at async node:internal/modules/esm/loader:647:26
    at async asyncRunEntryPointWithESMLoader (node:internal/modules/run_main:101:5) {
  generatedMessage: true,
  code: 'ERR_ASSERTION',
  actual: [
    'CAP-D', 'MOB-F',
    'CAP-G', 'MOB-E',
    'CAP-E', 'MOB-C',
    'CAP-B', 'MOB-B',
    'CAP-A', 'MOB-A',
    'CAP-F', 'MOB-G',
    'CAP-C', 'MOB-D'
  ],
  expected: [
    'CAP-D', 'MOB-F',
    'CAP-G', 'MOB-E',
    'CAP-E', 'MOB-C',
    'CAP-B', 'MOB-B',
    'CAP-A', 'MOB-A',
    'CAP-F', 'MOB-G',
    'CAP-C', 'MOB-D'
  ],
  operator: 'deepStrictEqual',
  diff: 'simple'
}

Node.js v24.20.0
