instructor: syntax and basic UI contract PASS
student: syntax and basic UI contract PASS
Versioned, bounded, role-specific backup envelope examples PASS
Instructor visibility and lifecycle structural tests PASS
Student purchase removal click/cancel/confirm/stale-state regression PASS
node:internal/modules/run_main:107
    triggerUncaughtException(
    ^

AssertionError [ERR_ASSERTION]: Old rendered removal control cannot retarget team
+ actual - expected

+ {
+   key: 'remove-purchase-R1-L1-CAP-A',
+   message: 'common.correctOnly',
+   retry: [Function (anonymous)]
+ }
- null

    at file:///D:/VSCode/SEA-Game/current/tools/test.mjs:161:9
    at ModuleJob.run (node:internal/modules/esm/module_job:561:25)
    at async node:internal/modules/esm/loader:647:26
    at async asyncRunEntryPointWithESMLoader (node:internal/modules/run_main:101:5) {
  generatedMessage: false,
  code: 'ERR_ASSERTION',
  actual: {
    key: 'remove-purchase-R1-L1-CAP-A',
    message: 'common.correctOnly',
    retry: [Function (anonymous)]
  },
  expected: null,
  operator: 'strictEqual',
  diff: 'simple'
}

Node.js v24.20.0
