SEA_Instructor_Standalone.html: PASS byte-for-byte reproduction
SEA_Student_Standalone.html: PASS byte-for-byte reproduction
instructor: syntax and basic UI contract PASS
student: syntax and basic UI contract PASS
Versioned, bounded, role-specific backup envelope examples PASS
Instructor visibility and lifecycle structural tests PASS
Student purchase removal click/cancel/confirm/stale-state regression PASS
Shared mission requirements, compliance and independent scoring examples PASS
Shared canonical mission, category and 70-card data contract PASS
Shared card index, slot identity and transactional acquisition examples PASS
Student sale-price default renders whole dollars and commits exact canonical cents for all 70 cards PASS
Shared session parsing, lifecycle phases and save-derived recovery validation PASS
Shared deterministic market generation, 70-slot mapping and seed variation PASS
Shared monetary parsing, rounding, safe-range and overflow examples PASS
Shared exact-ratio ordering, tie and award eligibility examples PASS
All 77 artwork routes, optional-raster failure and bilingual mission-preview integration PASS
Instructor setup generation bounds, recoverability, confirmation scope and repeat guards PASS
Student auction finish identity, 70-position advance and all-card win/reconciliation command examples PASS
Instructor/student practice command prerequisites, wrong-phase rejection and scored-state isolation PASS
Student editing phase, lock and save-boundary examples PASS
Instructor submission confirmation stale-state and repeat boundaries PASS
Instructor submission input team/session identity and projection guards PASS
Student scratch editing phase, lot/session identity and bounds PASS
Both-role vehicle prerequisites, locking and repeated auction entry PASS
Instructor assignment callback session/team identity guards PASS
Instructor/student closed-session reset confirmation, backup, stale-state and storage-failure cases PASS
Instructor timer pause/resume/extension and exact-expiry boundary examples PASS
Instructor timer callback cadence, final-call, expiry and cleanup examples PASS
Instructor bid acceptance, stale caller, eligibility, timing and purchase-cap boundary examples PASS
Instructor auction-open guards and reveal-mode transitions PASS
Instructor unsold/void/recommit and 70-lot advance boundaries PASS
Instructor reveal continuity survives validated reload and EN/FR render changes PASS
Instructor/student schema-3 tutorial-state and role-import invariants PASS
Both-role production save/restore/rescue, denied storage and instructor timer/privacy characterization PASS
Instructor/student import confirmation, stale-state rejection and pre-replacement preservation examples PASS
Instructor sale, correction, invalid-result, void and recommit transaction examples PASS
Candidate packet exact-byte, missing/extra, manifest tampering, identity and path rejection PASS
{
  "result": "PASS",
  "scope": "Synthetic protocol evaluator only",
  "baselineCases": 29,
  "semanticMutantsKilled": 18,
  "mutants": [
    {
      "name": "authority bypass",
      "killedBy": [
        "A07",
        "A08",
        "A09"
      ]
    },
    {
      "name": "budget ignored",
      "killedBy": [
        "A11"
      ]
    },
    {
      "name": "unknown effect replay",
      "killedBy": [
        "A12",
        "A29"
      ]
    },
    {
      "name": "sent effect replay",
      "killedBy": [
        "A29"
      ]
    },
    {
      "name": "unverified effect accepted",
      "killedBy": [
        "A27"
      ]
    },
    {
      "name": "concurrent head ignored",
      "killedBy": [
        "A14"
      ]
    },
    {
      "name": "specification change ignored",
      "killedBy": [
        "A16"
      ]
    },
    {
      "name": "stale evidence accepted",
      "killedBy": [
        "A15"
      ]
    },
    {
      "name": "empty gates accepted",
      "killedBy": [
        "A26"
      ]
    },
    {
      "name": "failed gate ignored",
      "killedBy": [
        "A17"
      ]
    },
    {
      "name": "mock evidence accepted",
      "killedBy": [
        "A19"
      ]
    },
    {
      "name": "retention unresolved",
      "killedBy": [
        "A22"
      ]
    },
    {
      "name": "runtime invented",
      "killedBy": [
        "A21"
      ]
    },
    {
      "name": "harness failure counts as red",
      "killedBy": [
        "A02"
      ]
    },
    {
      "name": "red bypassed",
      "killedBy": [
        "A03"
      ]
    },
    {
      "name": "stop ignored",
      "killedBy": [
        "A24"
      ]
    },
    {
      "name": "refactor baseline fabricated",
      "killedBy": [
        "A28"
      ]
    },
    {
      "name": "untrusted directive executed",
      "killedBy": [
        "A20"
      ]
    }
  ]
}
{
  "result": "PASS",
  "scope": "Specification contracts and synthetic protocol examples only",
  "checks": [
    "Unique R01-R26 and T01-T27 definitions and complete test linkage",
    "Nine milestone weights sum to 100 and lifecycle is separately defined",
    "Portable local Markdown links, heading anchors and valid representation",
    "Every current document requirement/test reference resolves",
    "Reference copies match provenance hashes",
    "All operational JSON documents parse",
    "Synthetic protocol challenge cases match independent expected dispositions",
    "Invalid protocol inputs do not authorize an effect",
    "Frozen baseline remains dated evidence, not a product completion assertion",
    "One-byte identity mutation changes convergence key"
  ],
  "scenarioCount": 29,
  "key": "b9bb2327a0f05153c8205b700c20fa990eb90d3cf66f25652caf67729a0c3092",
  "excludedRunRecords": [
    "docs/evidence/convergence/**",
    "docs/evidence/audit-runs/**",
    "docs/evidence/document-receipt.json"
  ]
}
