instructor: syntax and basic UI contract PASS
student: syntax and basic UI contract PASS
Versioned, bounded, role-specific backup envelope examples PASS
Instructor visibility and lifecycle structural tests PASS
Student purchase removal click/cancel/confirm/stale-state regression PASS
Shared mission requirements, compliance and independent scoring examples PASS
Shared canonical mission, category and 70-card data contract PASS
Shared card index, slot identity and transactional acquisition examples PASS
Student sale-price default renders whole dollars and commits exact canonical cents for all 70 cards PASS
Shared session parsing, lifecycle phases and save-derived recovery validation PASS
Shared deterministic market generation, 70-slot mapping and seed variation PASS
Shared monetary parsing, rounding, safe-range and overflow examples PASS
Shared exact-ratio ordering, tie and award eligibility examples PASS
Instructor/student practice command prerequisites, wrong-phase rejection and scored-state isolation PASS
Instructor/student closed-session reset confirmation, backup, stale-state and storage-failure cases PASS
Instructor timer pause/resume/extension and exact-expiry boundary examples PASS
Instructor timer callback cadence, final-call, expiry and cleanup examples PASS
Instructor bid acceptance, stale caller, eligibility, timing and purchase-cap boundary examples PASS
Instructor auction-open guards and reveal-mode transitions PASS
Instructor unsold/void/recommit and 70-lot advance boundaries PASS
Instructor reveal continuity survives validated reload and EN/FR render changes PASS
node:internal/modules/run_main:107
    triggerUncaughtException(
    ^

AssertionError [ERR_ASSERTION]: Missing expected exception: Impossible instructor tutorial stage 1 is rejected
    at file:///D:/VSCode/SEA-Game/current/tools/test.mjs:646:10
    at ModuleJob.run (node:internal/modules/esm/module_job:561:25)
    at async node:internal/modules/esm/loader:647:26
    at async asyncRunEntryPointWithESMLoader (node:internal/modules/run_main:101:5) {
  generatedMessage: false,
  code: 'ERR_ASSERTION',
  actual: undefined,
  expected: /invalid-state/,
  operator: 'throws',
  diff: 'simple'
}

Node.js v24.20.0
