SEA_Instructor_Standalone.html: PASS byte-for-byte reproduction
SEA_Student_Standalone.html: PASS byte-for-byte reproduction
instructor: syntax and basic UI contract PASS
student: syntax and basic UI contract PASS
Versioned, bounded, role-specific backup envelope examples PASS
Instructor visibility and lifecycle structural tests PASS
Student purchase removal click/cancel/confirm/stale-state regression PASS
Shared mission requirements, compliance and independent scoring examples PASS
Shared canonical mission, category and 70-card data contract PASS
Shared card index, slot identity and transactional acquisition examples PASS
Student sale-price default renders whole dollars and commits exact canonical cents for all 70 cards PASS
Shared session parsing, lifecycle phases and save-derived recovery validation PASS
Shared deterministic market generation, 70-slot mapping and seed variation PASS
Shared monetary parsing, rounding, safe-range and overflow examples PASS
Shared exact-ratio ordering, tie and award eligibility examples PASS
All 77 artwork routes, optional-raster failure and bilingual mission-preview integration PASS
Instructor setup generation bounds, recoverability, confirmation scope and repeat guards PASS
Student auction finish identity, 70-position advance and all-card win/reconciliation command examples PASS
Instructor/student practice command prerequisites, wrong-phase rejection and scored-state isolation PASS
Student editing phase, lock and save-boundary examples PASS
Instructor submission confirmation stale-state and repeat boundaries PASS
Instructor submission input team/session identity and projection guards PASS
Student scratch editing phase, lot/session identity and bounds PASS
Both-role vehicle prerequisites, locking and repeated auction entry PASS
Instructor assignment callback session/team identity guards PASS
Instructor/student closed-session reset confirmation, backup, stale-state and storage-failure cases PASS
Instructor timer pause/resume/extension and exact-expiry boundary examples PASS
Instructor timer callback cadence, final-call, expiry and cleanup examples PASS
Instructor bid acceptance, stale caller, eligibility, timing and purchase-cap boundary examples PASS
Instructor auction-open guards and reveal-mode transitions PASS
Instructor correction/unsold/void confirmation captured-result boundaries PASS
Instructor unsold/void/recommit and 70-lot advance boundaries PASS
Instructor maximum correction ledger preserves recovery and reserves all 70 final outcomes PASS
Instructor reveal continuity survives validated reload and EN/FR render changes PASS
Instructor/student schema-3 tutorial-state and role-import invariants PASS
Maximum valid student escaped-text backup round trip PASS: 277654 UTF-16 units / 277654 UTF-8 bytes
INSTRUCTOR exact character-bound read and UTF-8 boundary PASS: 500092 bytes
STUDENT exact character-bound read and UTF-8 boundary PASS: 588800 bytes
Real role import/renderer escaping, canonical purchase metadata and private JSON text characterization PASS
Both-role production save/restore/rescue, denied storage and instructor timer/privacy characterization PASS
Instructor/student import confirmation, stale-state rejection and pre-replacement preservation examples PASS
Instructor sale, correction, invalid-result, void and recommit transaction examples PASS
