instructor: syntax and basic UI contract PASS
student: syntax and basic UI contract PASS
Versioned, bounded, role-specific backup envelope examples PASS
Instructor visibility and lifecycle structural tests PASS
Student purchase removal click/cancel/confirm/stale-state regression PASS
Shared mission requirements, compliance and independent scoring examples PASS
Shared canonical mission, category and 70-card data contract PASS
Shared card index, slot identity and transactional acquisition examples PASS
Student sale-price default renders whole dollars and commits exact canonical cents for all 70 cards PASS
Shared session parsing, lifecycle phases and save-derived recovery validation PASS
Shared deterministic market generation, 70-slot mapping and seed variation PASS
Shared monetary parsing, rounding, safe-range and overflow examples PASS
Shared exact-ratio ordering, tie and award eligibility examples PASS
All 77 artwork routes, optional-raster failure and bilingual mission-preview integration PASS
Instructor setup generation bounds, recoverability, confirmation scope and repeat guards PASS
node:internal/modules/run_main:107
    triggerUncaughtException(
    ^

AssertionError [ERR_ASSERTION]: Language switch cancels the previous-language decision
+ actual - expected

+ <ref *1> Element {
+   _returnFocus: <ref *5> Element {
+     attrs: {},
+     children: [],
+     dataset: {},
+     parent: <ref *4> Element {
+       attrs: {},
+       children: [
+         <ref *3> Element {
+           attrs: {},
+           children: [
+             Element {
+               attrs: {},
+               children: [],
+               dataset: {},
+               id: 'langBtn',
+               onclick: [Function (anonymous)],
+               parent: [Circular *3],
+               style: {},
+               tagName: 'button',
+               textContent: 'lang.switch.en'
+             }
+           ],
+           dataset: {},
+           parent: [Circular *4],
+           style: {},
+           tagName: 'header',
+           textContent: ''
+         },
+         [Circular *5],
+         [Circular *1]
+       ],
+       dataset: {},
+       parent: null,
+       style: {},
+       tagName: 'body',
+       textContent: ''
+     },
+     style: {},
+     tagName: 'input',
+     textContent: ''
+   },
+   attrs: {
+     'aria-labelledby': 'seaConfirmMessage',
+     role: 'dialog'
+   },
+   children: [
+     Element {
+       attrs: {},
+       children: [],
+       dataset: {},
+       id: 'seaConfirmMessage',
+       parent: [Circular *1],
+       style: {
+         margin: '0 0 8px'
+       },
+       tagName: 'p',
+       textContent: 'Original language decision'
+     },
+     <ref *2> Element {
+       attrs: {},
+       children: [
+         Element {
+           attrs: {},
+           children: [],
+           className: 'btn primary',
+           dataset: {},
+           onclick: [Function (anonymous)],
+           parent: [Circular *2],
+           style: {},
+           tagName: 'button',
+           textContent: 'Confirm',
+           type: 'button'
+         },
+         Element {
+           attrs: {},
+           children: [],
+           className: 'btn',
+           dataset: {},
+           onclick: [Function: dismiss],
+           parent: [Circular *2],
+           style: {},
+           tagName: 'button',
+           textContent: 'Cancel',
+           type: 'button'
+         }
+       ],
+       className: 'inline',
+       dataset: {},
+       parent: [Circular *1],
+       style: {},
+       tagName: 'div',
+       textContent: ''
+     }
+   ],
+   className: 'card',
+   dataset: {},
+   id: 'seaInlineConfirm',
+   onkeydown: [Function (anonymous)],
+   parent: <ref *4> Element {
+     attrs: {},
+     children: [
+       <ref *3> Element {
+         attrs: {},
+         children: [
+           Element {
+             attrs: {},
+             children: [],
+             dataset: {},
+             id: 'langBtn',
+             onclick: [Function (anonymous)],
+             parent: [Circular *3],
+             style: {},
+             tagName: 'button',
+             textContent: 'lang.switch.en'
+           }
+         ],
+         dataset: {},
+         parent: [Circular *4],
+         style: {},
+         tagName: 'header',
+         textContent: ''
+       },
+       Element {
+         attrs: {},
+         children: [],
+         dataset: {},
+         parent: [Circular *4],
+         style: {},
+         tagName: 'input',
+         textContent: ''
+       },
+       [Circular *1]
+     ],
+     dataset: {},
+     parent: null,
+     style: {},
+     tagName: 'body',
+     textContent: ''
+   },
+   style: {
+     cssText: 'position:sticky;top:48px;z-index:55;margin:0 12px;padding:12px;border:2px solid var(--blue);background:#fff;color:#17272b;box-shadow:0 3px 10px #17272b22'
+   },
+   tagName: 'section',
+   textContent: ''
+ }
- null

    at file:///D:/VSCode/SEA-Game/current/tools/test.mjs:464:9
    at ModuleJob.run (node:internal/modules/esm/module_job:561:25)
    at async node:internal/modules/esm/loader:647:26
    at async asyncRunEntryPointWithESMLoader (node:internal/modules/run_main:101:5) {
  generatedMessage: false,
  code: 'ERR_ASSERTION',
  actual: <ref *1> Element {
    tagName: 'section',
    children: [
      Element {
        tagName: 'p',
        children: [],
        parent: [Circular *1],
        attrs: {},
        style: { margin: '0 0 8px' },
        dataset: {},
        textContent: 'Original language decision',
        id: 'seaConfirmMessage'
      },
      <ref *2> Element {
        tagName: 'div',
        children: [
          Element {
            tagName: 'button',
            children: [],
            parent: [Circular *2],
            attrs: {},
            style: {},
            dataset: {},
            textContent: 'Confirm',
            type: 'button',
            className: 'btn primary',
            onclick: [Function (anonymous)]
          },
          Element {
            tagName: 'button',
            children: [],
            parent: [Circular *2],
            attrs: {},
            style: {},
            dataset: {},
            textContent: 'Cancel',
            type: 'button',
            className: 'btn',
            onclick: [Function: dismiss]
          }
        ],
        parent: [Circular *1],
        attrs: {},
        style: {},
        dataset: {},
        textContent: '',
        className: 'inline'
      }
    ],
    parent: <ref *3> Element {
      tagName: 'body',
      children: [
        Element {
          tagName: 'header',
          children: [ [Element] ],
          parent: [Circular *3],
          attrs: {},
          style: {},
          dataset: {},
          textContent: ''
        },
        Element {
          tagName: 'input',
          children: [],
          parent: [Circular *3],
          attrs: {},
          style: {},
          dataset: {},
          textContent: ''
        },
        [Circular *1]
      ],
      parent: null,
      attrs: {},
      style: {},
      dataset: {},
      textContent: ''
    },
    attrs: { role: 'dialog', 'aria-labelledby': 'seaConfirmMessage' },
    style: {
      cssText: 'position:sticky;top:48px;z-index:55;margin:0 12px;padding:12px;border:2px solid var(--blue);background:#fff;color:#17272b;box-shadow:0 3px 10px #17272b22'
    },
    dataset: {},
    textContent: '',
    id: 'seaInlineConfirm',
    className: 'card',
    _returnFocus: <ref *4> Element {
      tagName: 'input',
      children: [],
      parent: <ref *3> Element {
        tagName: 'body',
        children: [
          Element {
            tagName: 'header',
            children: [Array],
            parent: [Circular *3],
            attrs: {},
            style: {},
            dataset: {},
            textContent: ''
          },
          [Circular *4],
          [Circular *1]
        ],
        parent: null,
        attrs: {},
        style: {},
        dataset: {},
        textContent: ''
      },
      attrs: {},
      style: {},
      dataset: {},
      textContent: ''
    },
    onkeydown: [Function (anonymous)]
  },
  expected: null,
  operator: 'strictEqual',
  diff: 'simple'
}

Node.js v24.20.0
