instructor: syntax and basic UI contract PASS
student: syntax and basic UI contract PASS
Versioned, bounded, role-specific backup envelope examples PASS
Instructor visibility and lifecycle structural tests PASS
Student purchase removal click/cancel/confirm/stale-state regression PASS
Shared mission requirements, compliance and independent scoring examples PASS
Shared canonical mission, category and 70-card data contract PASS
Shared card index, slot identity and transactional acquisition examples PASS
Student sale-price default renders whole dollars and commits exact canonical cents for all 70 cards PASS
Shared session parsing, lifecycle phases and save-derived recovery validation PASS
Shared deterministic market generation, 70-slot mapping and seed variation PASS
Shared monetary parsing, rounding, safe-range and overflow examples PASS
Shared exact-ratio ordering, tie and award eligibility examples PASS
node:internal/modules/run_main:107
    triggerUncaughtException(
    ^

AssertionError [ERR_ASSERTION]: Dismiss returns keyboard focus to the original control
+ actual - expected

+ <ref *1> Element {
- <ref *2> Element {
    attrs: {},
+   children: [
+     Element {
+       attrs: {},
+       children: [],
+       dataset: {},
+       parent: [Circular *1],
+       style: {},
+       tagName: 'header',
+       textContent: ''
+     },
+     Element {
+       attrs: {},
+       children: [],
+       dataset: {},
+       parent: [Circular *1],
+       style: {},
+       tagName: 'input',
+       textContent: ''
+     }
+   ],
-   children: [],
    dataset: {},
+   parent: null,
-   parent: <ref *1> Element {
-     attrs: {},
-     children: [
-       Element {
-         attrs: {},
-         children: [],
-         dataset: {},
-         parent: [Circular *1],
-         style: {},
-         tagName: 'header',
-         textContent: ''
-       },
-       [Circular *2]
-     ],
-     dataset: {},
-     parent: null,
-     style: {},
-     tagName: 'body',
-     textContent: ''
-   },
    style: {},
+   tagName: 'body',
-   tagName: 'input',
    textContent: ''
  }

    at file:///D:/VSCode/SEA-Game/current/tools/test.mjs:338:99
    at ModuleJob.run (node:internal/modules/esm/module_job:561:25)
    at async node:internal/modules/esm/loader:647:26
    at async asyncRunEntryPointWithESMLoader (node:internal/modules/run_main:101:5) {
  generatedMessage: false,
  code: 'ERR_ASSERTION',
  actual: <ref *1> Element {
    tagName: 'body',
    children: [
      Element {
        tagName: 'header',
        children: [],
        parent: [Circular *1],
        attrs: {},
        style: {},
        dataset: {},
        textContent: ''
      },
      Element {
        tagName: 'input',
        children: [],
        parent: [Circular *1],
        attrs: {},
        style: {},
        dataset: {},
        textContent: ''
      }
    ],
    parent: null,
    attrs: {},
    style: {},
    dataset: {},
    textContent: ''
  },
  expected: <ref *2> Element {
    tagName: 'input',
    children: [],
    parent: <ref *1> Element {
      tagName: 'body',
      children: [
        Element {
          tagName: 'header',
          children: [],
          parent: [Circular *1],
          attrs: {},
          style: {},
          dataset: {},
          textContent: ''
        },
        [Circular *2]
      ],
      parent: null,
      attrs: {},
      style: {},
      dataset: {},
      textContent: ''
    },
    attrs: {},
    style: {},
    dataset: {},
    textContent: ''
  },
  operator: 'strictEqual',
  diff: 'simple'
}

Node.js v24.20.0
