instructor: syntax and basic UI contract PASS
student: syntax and basic UI contract PASS
Versioned, bounded, role-specific backup envelope examples PASS
Instructor visibility and lifecycle structural tests PASS
Student purchase removal click/cancel/confirm/stale-state regression PASS
Shared mission requirements, compliance and independent scoring examples PASS
Shared canonical mission, category and 70-card data contract PASS
Shared card index, slot identity and transactional acquisition examples PASS
Student sale-price default renders whole dollars and commits exact canonical cents for all 70 cards PASS
Shared session parsing, lifecycle phases and save-derived recovery validation PASS
Shared deterministic market generation, 70-slot mapping and seed variation PASS
Shared monetary parsing, rounding, safe-range and overflow examples PASS
Shared exact-ratio ordering, tie and award eligibility examples PASS
Instructor/student practice command prerequisites, wrong-phase rejection and scored-state isolation PASS
Student editing phase, lock and save-boundary examples PASS
Instructor submission confirmation stale-state and repeat boundaries PASS
Instructor submission input team/session identity and projection guards PASS
node:internal/modules/run_main:107
    triggerUncaughtException(
    ^

AssertionError [ERR_ASSERTION]: Rendering an untouched lot cannot create a private scratch record
+ actual - expected

+ '{"phase":"auction","sessionCode":"SEA3-T2-0123456789ABCDEF","team":{"id":1},"round":0,"lot":0,"scratch":{"1-1":{"wtp":"","note":""}}}'
- '{"phase":"auction","sessionCode":"SEA3-T2-0123456789ABCDEF","team":{"id":1},"round":0,"lot":0,"scratch":{}}'

    at file:///D:/VSCode/SEA-Game/current/tools/test.mjs:420:126
    at ModuleJob.run (node:internal/modules/esm/module_job:561:25)
    at async node:internal/modules/esm/loader:647:26
    at async asyncRunEntryPointWithESMLoader (node:internal/modules/run_main:101:5) {
  generatedMessage: false,
  code: 'ERR_ASSERTION',
  actual: '{"phase":"auction","sessionCode":"SEA3-T2-0123456789ABCDEF","team":{"id":1},"round":0,"lot":0,"scratch":{"1-1":{"wtp":"","note":""}}}',
  expected: '{"phase":"auction","sessionCode":"SEA3-T2-0123456789ABCDEF","team":{"id":1},"round":0,"lot":0,"scratch":{}}',
  operator: 'strictEqual',
  diff: 'simple'
}

Node.js v24.20.0
