instructor: syntax and basic UI contract PASS
student: syntax and basic UI contract PASS
Versioned, bounded, role-specific backup envelope examples PASS
Instructor visibility and lifecycle structural tests PASS
Student purchase removal click/cancel/confirm/stale-state regression PASS
Shared mission requirements, compliance and independent scoring examples PASS
Shared canonical mission, category and 70-card data contract PASS
Shared card index, slot identity and transactional acquisition examples PASS
Student sale-price default renders whole dollars and commits exact canonical cents for all 70 cards PASS
Shared session parsing, lifecycle phases and save-derived recovery validation PASS
Shared deterministic market generation, 70-slot mapping and seed variation PASS
Shared monetary parsing, rounding, safe-range and overflow examples PASS
Shared exact-ratio ordering, tie and award eligibility examples PASS
node:internal/modules/run_main:107
    triggerUncaughtException(
    ^

AssertionError [ERR_ASSERTION]: Delayed finish cannot apply to changed session
+ actual - expected

+ '{"phase":"build","sessionCode":"SEA3-T2-FEDCBA9876543210","team":{"id":1,"mission":"COMBAT","lockedMission":"COMBAT","totals":{"CAP":0,"MOB":0,"FP":0,"PRO":0,"COM":0,"SA":0,"REC":0,"MC":0},"cost":0,"purchases":[],"purchasesByRound":[0,0,0,0,0,0,0],"profit":0,"submitted":false},"lockedMission":"COMBAT","round":0,"lot":0,"currentCard":null,"scratch":{}}'
- '{"phase":"auction","sessionCode":"SEA3-T2-FEDCBA9876543210","team":{"id":1,"mission":"COMBAT","lockedMission":"COMBAT","totals":{"CAP":0,"MOB":0,"FP":0,"PRO":0,"COM":0,"SA":0,"REC":0,"MC":0},"cost":0,"purchases":[],"purchasesByRound":[0,0,0,0,0,0,0],"profit":0,"submitted":false},"lockedMission":"COMBAT","round":0,"lot":0,"currentCard":null,"scratch":{}}'

    at file:///D:/VSCode/SEA-Game/current/tools/test.mjs:337:23
    at ModuleJob.run (node:internal/modules/esm/module_job:561:25)
    at async node:internal/modules/esm/loader:647:26
    at async asyncRunEntryPointWithESMLoader (node:internal/modules/run_main:101:5) {
  generatedMessage: false,
  code: 'ERR_ASSERTION',
  actual: '{"phase":"build","sessionCode":"SEA3-T2-FEDCBA9876543210","team":{"id":1,"mission":"COMBAT","lockedMission":"COMBAT","totals":{"CAP":0,"MOB":0,"FP":0,"PRO":0,"COM":0,"SA":0,"REC":0,"MC":0},"cost":0,"purchases":[],"purchasesByRound":[0,0,0,0,0,0,0],"profit":0,"submitted":false},"lockedMission":"COMBAT","round":0,"lot":0,"currentCard":null,"scratch":{}}',
  expected: '{"phase":"auction","sessionCode":"SEA3-T2-FEDCBA9876543210","team":{"id":1,"mission":"COMBAT","lockedMission":"COMBAT","totals":{"CAP":0,"MOB":0,"FP":0,"PRO":0,"COM":0,"SA":0,"REC":0,"MC":0},"cost":0,"purchases":[],"purchasesByRound":[0,0,0,0,0,0,0],"profit":0,"submitted":false},"lockedMission":"COMBAT","round":0,"lot":0,"currentCard":null,"scratch":{}}',
  operator: 'strictEqual',
  diff: 'simple'
}

Node.js v24.20.0
